....F
================================== FAILURES ===================================
______________________________ test_all_imports _______________________________

    def test_all_imports():
        """Testa importaþÒo de todos os m¾dulos do sistema."""
        try:
            # Simulator
>           from simulator.map_loader import MapData, load_map, validate_map
E           ImportError: cannot import name 'MapData' from 'simulator.map_loader' (C:\Users\henri\Documents\!Projetos\faculdade\Serviþos Cognitivos\resgate-robot\simulator\map_loader.py)

tests\test_end_to_end.py:7: ImportError

During handling of the above exception, another exception occurred:

    def test_all_imports():
        """Testa importaþÒo de todos os m¾dulos do sistema."""
        try:
            # Simulator
            from simulator.map_loader import MapData, load_map, validate_map
            from simulator.simulator import Simulator, RobotState
    
            # Robot
            from robot.hardware import HardwareInterface, SensorData
            from robot.logger import RobotLogger, LogLevel
    
            # Controller
            from controller.controller import RobotController, ControllerState
    
            # Algorithms
            from algorithms.explorer import Explorer, ExplorationStrategy
            from algorithms.returner import Returner, PathPlanningStrategy
    
            assert True, "Todos os m¾dulos e classes importados com sucesso"
        except ImportError as e:
>           assert False, f"Erro na importaþÒo end-to-end: {e}"
E           AssertionError: Erro na importaþÒo end-to-end: cannot import name 'MapData' from 'simulator.map_loader' (C:\Users\henri\Documents\!Projetos\faculdade\Serviþos Cognitivos\resgate-robot\simulator\map_loader.py)
E           assert False

tests\test_end_to_end.py:23: AssertionError
=========================== short test summary info ===========================
FAILED tests/test_end_to_end.py::test_all_imports - AssertionError: Erro na i...
!!!!!!!!!!!!!!!!!!!!!!!!!! stopping after 1 failures !!!!!!!!!!!!!!!!!!!!!!!!!!
1 failed, 4 passed in 0.70s
